#pragma ctrlchar 0x5c
#pragma pack false
#pragma semicolon true
#pragma tabsize 8

#file "F:\ATLANTIS RP OG\gamemodes\DETUTILS\d_commands\d_commands_setup.inc"

#file "C:\pawnc\include\default.inc"

#file "C:\pawnc\include\core.inc"
#line 1





#line 10
#pragma library Core

native heapspace();

native funcidx(const name[]);

native numargs();
native getarg(arg, index=0);
native setarg(arg, index=0, value);

native tolower(c);
native toupper(c);
native swapchars(c);

native random(max);

native min(value1, value2);
native max(value1, value2);
native clamp(value, min=cellmin, max=cellmax);

native getproperty(id=0, const name[]="", value=cellmin, string[]="");
native setproperty(id=0, const name[]="", value=cellmin, const string[]="");
native deleteproperty(id=0, const name[]="", value=cellmin);
native existproperty(id=0, const name[]="", value=cellmin);



#file "C:\pawnc\include\default.inc"

#file "C:\pawnc\include\console.inc"
#line 1





#line 10
#pragma library Console

enum
    {
    black,                                                              
    red,
    green,
    yellow,
    blue,
    magenta,
    cyan,
    white,
    }

native getchar(echo=true);
native getstring(string[], maxlength=sizeof string, bool:pack=false);
native getvalue(base=10, term=0x0d, ...);                      
native print(const string[], foreground=-1, background=-1, highlight=-1);
native printf(const format[], {Float,Fixed,_}:...);

native console(columns, lines);
native clrscr();                                             
native clreol();
native gotoxy(x=1, y=1);
native wherexy(&x, &y);
native setattr(foreground=-1, background=-1, highlight=-1);

forward @keypressed(key);


#file "C:\pawnc\include\default.inc"
#line 3


#file "F:\ATLANTIS RP OG\gamemodes\DETUTILS\d_commands\d_commands_setup.inc"
#line 1










#line 17



#line 25

#line 30

#line 37

#line 39

#line 41

#line 44


#line 51

#line 54

#line 76

#line 82

